2026-01-08T10:28:29.124Z | OPTIONS /api/login | userId=anonymous | role=N/A | status=204 | ip=::1
-----------------------------------------------------------------------
2026-01-08T10:28:29.267Z | POST /api/login | userId=anonymous | role=N/A | status=200 | ip=::1
-----------------------------------------------------------------------
2026-01-08T10:42:00.437Z | OPTIONS /api/login | userId=anonymous | role=N/A | status=204 | ip=::1
-----------------------------------------------------------------------
2026-01-08T10:42:00.541Z | POST /api/login | userId=anonymous | role=N/A | status=200 | ip=::1
-----------------------------------------------------------------------
2026-01-08T11:17:18.524Z | GET //api/user/profile/1 | userId=anonymous | role=N/A | status=undefined | ip=::1
-----------------------------------------------------------------------
2026-01-08T11:19:48.467Z | GET /api/user/profile/695b3a7e2890932240ab4f1 | userId=anonymous | role=N/A | status=undefined | ip=::1
-----------------------------------------------------------------------
2026-01-08T11:20:03.015Z | GET /api/user/profile/695b3a7e2890932240ab4f11 | userId=anonymous | role=N/A | status=undefined | ip=::1
-----------------------------------------------------------------------
2026-01-08T11:21:21.175Z | GET /api/user/profile/695b3a7e2890932240ab4f18 | userId=anonymous | role=N/A | status=undefined | ip=::1
-----------------------------------------------------------------------
2026-01-08T11:21:50.949Z | GET /api/user/profile/695b3a7e2890932240ab4f18 | userId=anonymous | role=N/A | status=undefined | ip=::1
-----------------------------------------------------------------------
2026-01-08T11:40:33.393Z | GET /api/user/profile/695b3a7e2890932240ab4f18 | userId=anonymous | role=N/A | status=undefined | ip=::1
-----------------------------------------------------------------------
2026-01-08T11:47:07.571Z | GET /api/user/profile | userId=anonymous | role=N/A | status=undefined | ip=::ffff:127.0.0.1
-----------------------------------------------------------------------
2026-01-08T11:48:08.221Z | GET /api/user/profile/695b3a7e2890932240ab4f18 | userId=anonymous | role=N/A | status=undefined | ip=::ffff:127.0.0.1
-----------------------------------------------------------------------
2026-01-08T11:51:02.659Z | GET /api/user/profile/695b3a7e2890932240ab4f18 | userId=anonymous | role=N/A | status=undefined | ip=::ffff:127.0.0.1
-----------------------------------------------------------------------
2026-01-08T11:52:15.229Z | GET /api/user/profile/695b3a7e2890932240ab4f18 | userId=anonymous | role=N/A | status=undefined | ip=::ffff:127.0.0.1
-----------------------------------------------------------------------
2026-01-08T11:53:07.641Z | GET /api/user/profile/695b3a7e2890932240ab4f18 | userId=anonymous | role=N/A | status=undefined | ip=::ffff:127.0.0.1
-----------------------------------------------------------------------
2026-01-08T11:55:34.831Z | GET /api/user/profile/695b3a7e2890932240ab4f18 | userId=anonymous | role=N/A | status=undefined | ip=::1
-----------------------------------------------------------------------
2026-01-08T11:56:39.149Z | GET /api/admin/users | userId=anonymous | role=N/A | status=undefined | ip=::1
-----------------------------------------------------------------------
2026-01-08T11:57:33.761Z | GET /api/user/profile/695f526af13947af28a58a95 | userId=anonymous | role=N/A | status=undefined | ip=::ffff:127.0.0.1
-----------------------------------------------------------------------
2026-01-08T12:05:04.065Z | GET /api/user/profile/695f526af13947af28a58a95 | userId=anonymous | role=N/A | status=undefined | ip=::ffff:127.0.0.1
-----------------------------------------------------------------------
2026-01-08T12:16:05.192Z | GET /api/user/profile/695f526af13947af28a58a95 | userId=anonymous | role=N/A | status=undefined | ip=::ffff:127.0.0.1
-----------------------------------------------------------------------
2026-01-08T12:21:18.119Z | GET /api/user/profile/695f526af13947af28a58a95 | userId=anonymous | role=N/A | status=undefined | ip=::ffff:127.0.0.1
-----------------------------------------------------------------------
2026-01-08T12:22:21.438Z | GET /api/user/profile/695f526af13947af28a58a95 | userId=anonymous | role=N/A | status=undefined | ip=::ffff:127.0.0.1
-----------------------------------------------------------------------
2026-01-08T12:22:23.498Z | GET /api/user/profile/695f526af13947af28a58a95 | userId=anonymous | role=N/A | status=undefined | ip=::ffff:127.0.0.1
-----------------------------------------------------------------------
2026-01-08T12:22:51.024Z | GET /api/user/profile/695b3d49a5e5b41c4e2509a1 | userId=anonymous | role=N/A | status=undefined | ip=::ffff:127.0.0.1
-----------------------------------------------------------------------
2026-01-09T15:58:16.319Z | GET /health | userId=anonymous | role=N/A | status=undefined | ip=::1
-----------------------------------------------------------------------
2026-01-09T15:58:16.494Z | GET /favicon.ico | userId=anonymous | role=N/A | status=undefined | ip=::1
-----------------------------------------------------------------------
2026-01-09T16:04:04.901Z | POST /api/login | userId=anonymous | role=N/A | status=undefined | ip=::1
-----------------------------------------------------------------------
2026-01-09T16:11:40.618Z | POST /login | userId=anonymous | role=N/A | status=undefined | ip=::1
-----------------------------------------------------------------------
2026-01-09T16:13:19.291Z | POST /logina | userId=anonymous | role=N/A | status=undefined | ip=::1
-----------------------------------------------------------------------
2026-01-09T16:13:36.084Z | POST /login | userId=anonymous | role=N/A | status=undefined | ip=::1
-----------------------------------------------------------------------
2026-01-10T03:35:42.920Z | OPTIONS /api/login | userId=anonymous | role=N/A | status=undefined | ip=::1
-----------------------------------------------------------------------
2026-01-10T03:35:42.964Z | POST /api/login | userId=anonymous | role=N/A | status=undefined | ip=::1
-----------------------------------------------------------------------
2026-01-10T03:41:23.047Z | POST /login | userId=anonymous | role=N/A | status=undefined | ip=::1
-----------------------------------------------------------------------
2026-01-10T03:42:14.313Z | POST /login | userId=anonymous | role=N/A | status=undefined | ip=::1
-----------------------------------------------------------------------
2026-01-10T04:24:15.861Z | POST /send | userId=anonymous | role=N/A | status=undefined | ip=::1
-----------------------------------------------------------------------
2026-01-10T04:24:35.649Z | POST /otp/send | userId=anonymous | role=N/A | status=undefined | ip=::1
-----------------------------------------------------------------------
2026-01-10T04:25:53.813Z | POST /health | userId=anonymous | role=N/A | status=undefined | ip=::1
-----------------------------------------------------------------------
2026-01-10T04:25:59.691Z | GET /health | userId=anonymous | role=N/A | status=undefined | ip=::1
-----------------------------------------------------------------------
2026-01-19T05:20:57.060Z | POST /login | userId=anonymous | role=N/A | status=undefined | ip=::1
-----------------------------------------------------------------------
2026-01-19T07:02:39.491Z | POST /login | userId=anonymous | role=N/A | status=undefined | ip=::1
-----------------------------------------------------------------------
2026-01-19T08:54:43.603Z | POST /login | userId=anonymous | role=N/A | status=undefined | ip=::1
-----------------------------------------------------------------------
2026-01-19T08:59:21.304Z | POST /login | userId=anonymous | role=N/A | status=undefined | ip=::1
-----------------------------------------------------------------------
2026-01-19T09:05:18.112Z | POST /login | userId=anonymous | role=N/A | status=undefined | ip=::1
-----------------------------------------------------------------------
2026-01-20T09:08:21.997Z | POST /login | userId=anonymous | role=N/A | status=undefined | ip=::1
-----------------------------------------------------------------------
2026-02-06T05:15:34.281Z | GET /auth/health | userId=anonymous | role=N/A | status=undefined | ip=::1
-----------------------------------------------------------------------
2026-02-06T05:16:16.167Z | GET /health | userId=anonymous | role=N/A | status=undefined | ip=::1
-----------------------------------------------------------------------
2026-02-06T05:18:07.879Z | GET /health | userId=anonymous | role=N/A | status=undefined | ip=::1
-----------------------------------------------------------------------
2026-02-06T05:22:42.396Z | OPTIONS /login | userId=anonymous | role=N/A | status=undefined | ip=::1
-----------------------------------------------------------------------
2026-02-06T05:22:42.570Z | POST /login | userId=anonymous | role=N/A | status=undefined | ip=::1
-----------------------------------------------------------------------
2026-02-06T05:23:05.344Z | OPTIONS /login | userId=anonymous | role=N/A | status=undefined | ip=::1
-----------------------------------------------------------------------
2026-02-06T05:23:05.354Z | POST /login | userId=anonymous | role=N/A | status=undefined | ip=::1
-----------------------------------------------------------------------
2026-02-06T05:25:21.472Z | POST /auth/login | userId=anonymous | role=N/A | status=undefined | ip=::1
-----------------------------------------------------------------------
2026-02-06T05:25:34.420Z | POST /login | userId=anonymous | role=N/A | status=undefined | ip=::1
-----------------------------------------------------------------------
2026-02-06T05:26:53.282Z | POST /login | userId=anonymous | role=N/A | status=undefined | ip=::1
-----------------------------------------------------------------------
2026-02-06T05:27:14.165Z | OPTIONS /login | userId=anonymous | role=N/A | status=undefined | ip=::1
-----------------------------------------------------------------------
2026-02-06T05:27:14.344Z | POST /login | userId=anonymous | role=N/A | status=undefined | ip=::1
-----------------------------------------------------------------------
2026-02-06T05:28:49.964Z | OPTIONS /login | userId=anonymous | role=N/A | status=undefined | ip=::1
-----------------------------------------------------------------------
2026-02-06T05:28:50.095Z | POST /login | userId=anonymous | role=N/A | status=undefined | ip=::1
-----------------------------------------------------------------------
2026-02-06T05:29:33.908Z | POST /login | userId=anonymous | role=N/A | status=undefined | ip=::1
-----------------------------------------------------------------------
2026-02-06T06:05:25.112Z | OPTIONS /login | userId=anonymous | role=N/A | status=undefined | ip=::1
-----------------------------------------------------------------------
2026-02-06T06:05:25.344Z | POST /login | userId=anonymous | role=N/A | status=undefined | ip=::1
-----------------------------------------------------------------------
2026-02-06T06:06:06.172Z | OPTIONS /login | userId=anonymous | role=N/A | status=undefined | ip=::1
-----------------------------------------------------------------------
2026-02-06T06:06:06.287Z | POST /login | userId=anonymous | role=N/A | status=undefined | ip=::1
-----------------------------------------------------------------------
2026-02-06T06:07:39.845Z | OPTIONS /register | userId=anonymous | role=N/A | status=undefined | ip=::1
-----------------------------------------------------------------------
2026-02-06T06:07:39.881Z | POST /register | userId=anonymous | role=N/A | status=undefined | ip=::1
-----------------------------------------------------------------------
2026-02-06T06:08:07.519Z | OPTIONS /register | userId=anonymous | role=N/A | status=undefined | ip=::1
-----------------------------------------------------------------------
2026-02-06T06:08:07.713Z | POST /register | userId=anonymous | role=N/A | status=undefined | ip=::1
-----------------------------------------------------------------------
2026-02-06T06:09:10.227Z | OPTIONS /register | userId=anonymous | role=N/A | status=undefined | ip=::1
-----------------------------------------------------------------------
2026-02-06T06:09:10.451Z | POST /register | userId=anonymous | role=N/A | status=undefined | ip=::1
-----------------------------------------------------------------------
2026-02-06T06:09:52.957Z | OPTIONS /register | userId=anonymous | role=N/A | status=undefined | ip=::1
-----------------------------------------------------------------------
2026-02-06T06:09:53.094Z | POST /register | userId=anonymous | role=N/A | status=undefined | ip=::1
-----------------------------------------------------------------------
2026-02-06T06:10:27.261Z | OPTIONS /register | userId=anonymous | role=N/A | status=undefined | ip=::1
-----------------------------------------------------------------------
2026-02-06T06:10:27.475Z | POST /register | userId=anonymous | role=N/A | status=undefined | ip=::1
-----------------------------------------------------------------------
2026-08-08T07:10:51.346Z | HEAD /health | userId=anonymous | role=N/A | status=undefined | ip=::ffff:127.0.0.1
-----------------------------------------------------------------------
2026-08-08T07:10:51.352Z | GET /health | userId=anonymous | role=N/A | status=undefined | ip=::ffff:127.0.0.1
-----------------------------------------------------------------------
2026-08-08T07:11:05.001Z | OPTIONS /login | userId=anonymous | role=N/A | status=undefined | ip=::1
-----------------------------------------------------------------------
2026-08-08T07:11:15.554Z | POST /login | userId=anonymous | role=N/A | status=undefined | ip=::1
-----------------------------------------------------------------------
2026-08-08T07:13:02.961Z | POST /login | userId=anonymous | role=N/A | status=undefined | ip=::1
-----------------------------------------------------------------------
2026-08-08T07:13:14.608Z | POST /login | userId=anonymous | role=N/A | status=undefined | ip=::ffff:127.0.0.1
-----------------------------------------------------------------------
2026-08-08T07:13:22.543Z | POST /login | userId=anonymous | role=N/A | status=undefined | ip=::ffff:127.0.0.1
-----------------------------------------------------------------------
2026-08-08T07:13:35.901Z | OPTIONS /login | userId=anonymous | role=N/A | status=undefined | ip=::1
-----------------------------------------------------------------------
2026-08-08T07:13:36.129Z | POST /login | userId=anonymous | role=N/A | status=undefined | ip=::1
-----------------------------------------------------------------------
2026-08-08T07:14:00.565Z | OPTIONS /login | userId=anonymous | role=N/A | status=undefined | ip=::1
-----------------------------------------------------------------------
2026-08-08T07:14:00.722Z | POST /login | userId=anonymous | role=N/A | status=undefined | ip=::1
-----------------------------------------------------------------------
2026-08-08T07:19:16.431Z | OPTIONS /login | userId=anonymous | role=N/A | status=undefined | ip=::1
-----------------------------------------------------------------------
2026-08-08T07:19:16.546Z | POST /login | userId=anonymous | role=N/A | status=undefined | ip=::1
-----------------------------------------------------------------------
2026-08-08T07:21:10.137Z | GET /health | userId=anonymous | role=N/A | status=undefined | ip=::1
-----------------------------------------------------------------------
2026-08-08T07:29:34.161Z | GET /health | userId=anonymous | role=N/A | status=undefined | ip=::1
-----------------------------------------------------------------------
2026-08-08T07:34:48.700Z | GET /health | userId=anonymous | role=N/A | status=undefined | ip=::1
-----------------------------------------------------------------------
2026-08-08T07:34:53.706Z | GET /health | userId=anonymous | role=N/A | status=undefined | ip=::1
-----------------------------------------------------------------------
2026-08-08T07:34:54.624Z | GET /health | userId=anonymous | role=N/A | status=undefined | ip=::1
-----------------------------------------------------------------------
2026-08-08T07:34:55.250Z | GET /health | userId=anonymous | role=N/A | status=undefined | ip=::1
-----------------------------------------------------------------------
2026-08-08T07:34:55.635Z | GET /health | userId=anonymous | role=N/A | status=undefined | ip=::1
-----------------------------------------------------------------------
2026-08-08T07:35:29.979Z | GET /health | userId=anonymous | role=N/A | status=undefined | ip=::1
-----------------------------------------------------------------------
2026-08-08T07:36:08.267Z | GET /health | userId=anonymous | role=N/A | status=undefined | ip=::1
-----------------------------------------------------------------------
2026-08-08T07:36:10.789Z | OPTIONS /login | userId=anonymous | role=N/A | status=undefined | ip=::1
-----------------------------------------------------------------------
2026-08-08T07:36:10.934Z | POST /login | userId=anonymous | role=N/A | status=undefined | ip=::1
-----------------------------------------------------------------------
2026-08-08T07:36:11.624Z | GET /health | userId=anonymous | role=N/A | status=undefined | ip=::1
-----------------------------------------------------------------------
2026-08-08T07:36:16.934Z | GET /health | userId=anonymous | role=N/A | status=undefined | ip=::1
-----------------------------------------------------------------------
2026-08-08T07:36:16.997Z | GET /health | userId=anonymous | role=N/A | status=undefined | ip=::1
-----------------------------------------------------------------------
2026-08-08T07:36:21.442Z | GET /health | userId=anonymous | role=N/A | status=undefined | ip=::1
-----------------------------------------------------------------------
2026-08-08T07:37:08.085Z | GET /health | userId=anonymous | role=N/A | status=undefined | ip=::1
-----------------------------------------------------------------------
2026-08-08T07:37:44.399Z | GET /health | userId=anonymous | role=N/A | status=undefined | ip=::1
-----------------------------------------------------------------------
2026-08-08T07:37:56.325Z | GET /health | userId=anonymous | role=N/A | status=undefined | ip=::1
-----------------------------------------------------------------------
2026-08-08T07:38:24.583Z | GET /health | userId=anonymous | role=N/A | status=undefined | ip=::1
-----------------------------------------------------------------------
2026-08-08T07:42:14.435Z | OPTIONS /login | userId=anonymous | role=N/A | status=undefined | ip=::1
-----------------------------------------------------------------------
2026-08-08T07:42:14.659Z | POST /login | userId=anonymous | role=N/A | status=undefined | ip=::1
-----------------------------------------------------------------------
2026-08-08T07:42:15.260Z | GET /health | userId=anonymous | role=N/A | status=undefined | ip=::1
-----------------------------------------------------------------------
2026-08-08T07:42:24.792Z | GET /health | userId=anonymous | role=N/A | status=undefined | ip=::1
-----------------------------------------------------------------------
2026-08-08T07:42:41.879Z | GET /health | userId=anonymous | role=N/A | status=undefined | ip=::1
-----------------------------------------------------------------------
2026-08-08T07:44:08.948Z | GET /health | userId=anonymous | role=N/A | status=undefined | ip=::1
-----------------------------------------------------------------------
2026-08-08T07:44:15.259Z | OPTIONS /login | userId=anonymous | role=N/A | status=undefined | ip=::1
-----------------------------------------------------------------------
2026-08-08T07:44:15.387Z | POST /login | userId=anonymous | role=N/A | status=undefined | ip=::1
-----------------------------------------------------------------------
2026-08-08T07:44:16.094Z | GET /health | userId=anonymous | role=N/A | status=undefined | ip=::1
-----------------------------------------------------------------------
2026-08-08T07:44:38.356Z | GET /health | userId=anonymous | role=N/A | status=undefined | ip=::1
-----------------------------------------------------------------------
2026-08-08T07:44:53.064Z | OPTIONS /login | userId=anonymous | role=N/A | status=undefined | ip=::1
-----------------------------------------------------------------------
2026-08-08T07:44:53.192Z | POST /login | userId=anonymous | role=N/A | status=undefined | ip=::1
-----------------------------------------------------------------------
2026-08-08T07:44:53.793Z | GET /health | userId=anonymous | role=N/A | status=undefined | ip=::1
-----------------------------------------------------------------------
2026-08-08T07:46:51.564Z | GET /health | userId=anonymous | role=N/A | status=undefined | ip=::1
-----------------------------------------------------------------------
2026-08-08T07:46:55.145Z | GET /health | userId=anonymous | role=N/A | status=undefined | ip=::1
-----------------------------------------------------------------------
2026-08-08T07:46:56.813Z | OPTIONS /login | userId=anonymous | role=N/A | status=undefined | ip=::1
-----------------------------------------------------------------------
2026-08-08T07:46:56.945Z | POST /login | userId=anonymous | role=N/A | status=undefined | ip=::1
-----------------------------------------------------------------------
2026-08-08T07:46:57.660Z | GET /health | userId=anonymous | role=N/A | status=undefined | ip=::1
-----------------------------------------------------------------------
2026-08-08T07:47:59.354Z | GET /health | userId=anonymous | role=N/A | status=undefined | ip=::1
-----------------------------------------------------------------------
2026-08-08T07:48:02.388Z | GET /health | userId=anonymous | role=N/A | status=undefined | ip=::1
-----------------------------------------------------------------------
2026-08-08T07:48:09.620Z | GET /health | userId=anonymous | role=N/A | status=undefined | ip=::1
-----------------------------------------------------------------------
2026-08-08T07:50:21.521Z | GET /health | userId=anonymous | role=N/A | status=undefined | ip=::1
-----------------------------------------------------------------------
2026-08-08T07:50:45.444Z | GET /health | userId=anonymous | role=N/A | status=undefined | ip=::1
-----------------------------------------------------------------------
2026-08-08T07:50:53.876Z | GET /health | userId=anonymous | role=N/A | status=undefined | ip=::1
-----------------------------------------------------------------------
2026-08-08T07:51:03.708Z | OPTIONS /login | userId=anonymous | role=N/A | status=undefined | ip=::1
-----------------------------------------------------------------------
2026-08-08T07:51:03.823Z | POST /login | userId=anonymous | role=N/A | status=undefined | ip=::1
-----------------------------------------------------------------------
2026-08-08T07:51:04.549Z | GET /health | userId=anonymous | role=N/A | status=undefined | ip=::1
-----------------------------------------------------------------------
2026-08-08T07:52:05.686Z | GET /health | userId=anonymous | role=N/A | status=undefined | ip=::1
-----------------------------------------------------------------------
2026-08-08T07:52:10.335Z | GET /health | userId=anonymous | role=N/A | status=undefined | ip=::1
-----------------------------------------------------------------------
2026-08-08T07:52:39.130Z | GET /health | userId=anonymous | role=N/A | status=undefined | ip=::1
-----------------------------------------------------------------------
2026-08-08T09:12:32.407Z | GET /health | userId=anonymous | role=N/A | status=undefined | ip=::1
-----------------------------------------------------------------------
2026-08-08T09:12:55.343Z | GET /health | userId=anonymous | role=N/A | status=undefined | ip=::1
-----------------------------------------------------------------------
2026-08-08T09:12:58.512Z | GET /health | userId=anonymous | role=N/A | status=undefined | ip=::1
-----------------------------------------------------------------------
2026-08-08T09:13:05.140Z | GET /health | userId=anonymous | role=N/A | status=undefined | ip=::1
-----------------------------------------------------------------------
2026-08-08T09:13:08.399Z | GET /health | userId=anonymous | role=N/A | status=undefined | ip=::1
-----------------------------------------------------------------------
2026-08-08T09:13:29.112Z | GET /health | userId=anonymous | role=N/A | status=undefined | ip=::1
-----------------------------------------------------------------------
2026-08-08T09:14:26.836Z | OPTIONS /login | userId=anonymous | role=N/A | status=undefined | ip=::1
-----------------------------------------------------------------------
2026-08-08T09:14:27.180Z | POST /login | userId=anonymous | role=N/A | status=undefined | ip=::1
-----------------------------------------------------------------------
2026-08-08T09:14:27.934Z | GET /health | userId=anonymous | role=N/A | status=undefined | ip=::1
-----------------------------------------------------------------------
2026-08-08T09:24:19.847Z | OPTIONS /login | userId=anonymous | role=N/A | status=undefined | ip=::1
-----------------------------------------------------------------------
2026-08-08T09:24:20.264Z | POST /login | userId=anonymous | role=N/A | status=undefined | ip=::1
-----------------------------------------------------------------------
2026-08-08T09:24:21.032Z | GET /health | userId=anonymous | role=N/A | status=undefined | ip=::1
-----------------------------------------------------------------------
2026-08-10T06:46:37.452Z | OPTIONS /login | userId=anonymous | role=N/A | status=undefined | ip=::1
-----------------------------------------------------------------------
2026-08-10T06:46:38.221Z | POST /login | userId=anonymous | role=N/A | status=undefined | ip=::1
-----------------------------------------------------------------------
2026-08-10T06:46:42.154Z | POST /login | userId=anonymous | role=N/A | status=undefined | ip=::1
-----------------------------------------------------------------------
2026-08-10T06:46:44.438Z | OPTIONS /login | userId=anonymous | role=N/A | status=undefined | ip=::1
-----------------------------------------------------------------------
2026-08-10T06:46:44.473Z | POST /login | userId=anonymous | role=N/A | status=undefined | ip=::1
-----------------------------------------------------------------------
2026-08-10T06:46:54.454Z | OPTIONS /login | userId=anonymous | role=N/A | status=undefined | ip=::1
-----------------------------------------------------------------------
2026-08-10T06:46:54.489Z | POST /login | userId=anonymous | role=N/A | status=undefined | ip=::1
-----------------------------------------------------------------------
2026-08-10T06:48:19.587Z | OPTIONS /login | userId=anonymous | role=N/A | status=undefined | ip=::1
-----------------------------------------------------------------------
2026-08-10T06:48:19.605Z | POST /login | userId=anonymous | role=N/A | status=undefined | ip=::1
-----------------------------------------------------------------------
2026-08-10T06:51:40.026Z | POST /login | userId=anonymous | role=N/A | status=undefined | ip=::1
-----------------------------------------------------------------------
2026-08-10T06:53:42.726Z | POST /login | userId=anonymous | role=N/A | status=undefined | ip=::1
-----------------------------------------------------------------------
2026-08-10T06:53:50.979Z | POST /login | userId=anonymous | role=N/A | status=undefined | ip=::1
-----------------------------------------------------------------------
2026-08-10T06:54:25.513Z | OPTIONS /login | userId=anonymous | role=N/A | status=undefined | ip=::1
-----------------------------------------------------------------------
2026-08-10T06:54:25.804Z | POST /login | userId=anonymous | role=N/A | status=undefined | ip=::1
-----------------------------------------------------------------------
2026-08-10T06:54:27.531Z | GET /health | userId=anonymous | role=N/A | status=undefined | ip=::1
-----------------------------------------------------------------------
2026-08-10T06:56:18.665Z | GET /health | userId=anonymous | role=N/A | status=undefined | ip=::1
-----------------------------------------------------------------------
2026-08-10T07:01:45.944Z | OPTIONS /login | userId=anonymous | role=N/A | status=undefined | ip=::1
-----------------------------------------------------------------------
2026-08-10T07:01:46.185Z | POST /login | userId=anonymous | role=N/A | status=undefined | ip=::1
-----------------------------------------------------------------------
2026-08-10T07:01:46.856Z | GET /health | userId=anonymous | role=N/A | status=undefined | ip=::1
-----------------------------------------------------------------------
2026-08-10T07:04:47.914Z | GET /health | userId=anonymous | role=N/A | status=undefined | ip=::1
-----------------------------------------------------------------------
2026-08-10T07:05:15.486Z | GET /health | userId=anonymous | role=N/A | status=undefined | ip=::1
-----------------------------------------------------------------------
2026-08-10T07:08:25.307Z | OPTIONS /login | userId=anonymous | role=N/A | status=undefined | ip=::1
-----------------------------------------------------------------------
2026-08-10T07:08:25.553Z | POST /login | userId=anonymous | role=N/A | status=undefined | ip=::1
-----------------------------------------------------------------------
2026-08-10T07:08:26.270Z | GET /health | userId=anonymous | role=N/A | status=undefined | ip=::1
-----------------------------------------------------------------------
2026-08-10T07:08:32.615Z | GET /health | userId=anonymous | role=N/A | status=undefined | ip=::1
-----------------------------------------------------------------------
2026-08-10T07:08:35.232Z | GET /health | userId=anonymous | role=N/A | status=undefined | ip=::1
-----------------------------------------------------------------------
2026-08-10T07:08:36.969Z | OPTIONS /login | userId=anonymous | role=N/A | status=undefined | ip=::1
-----------------------------------------------------------------------
2026-08-10T07:08:37.213Z | POST /login | userId=anonymous | role=N/A | status=undefined | ip=::1
-----------------------------------------------------------------------
2026-08-10T07:09:47.286Z | GET /health | userId=anonymous | role=N/A | status=undefined | ip=::1
-----------------------------------------------------------------------
2026-08-10T07:27:20.951Z | GET /health | userId=anonymous | role=N/A | status=undefined | ip=::1
-----------------------------------------------------------------------
2026-08-10T07:28:01.038Z | OPTIONS /login | userId=anonymous | role=N/A | status=undefined | ip=::1
-----------------------------------------------------------------------
2026-08-10T07:28:01.171Z | POST /login | userId=anonymous | role=N/A | status=undefined | ip=::1
-----------------------------------------------------------------------
2026-08-10T07:28:01.904Z | GET /health | userId=anonymous | role=N/A | status=undefined | ip=::1
-----------------------------------------------------------------------
2026-08-10T07:28:15.665Z | GET /health | userId=anonymous | role=N/A | status=undefined | ip=::1
-----------------------------------------------------------------------
2026-08-10T07:39:14.148Z | POST /login | userId=anonymous | role=N/A | status=undefined | ip=::1
-----------------------------------------------------------------------
2026-08-10T07:39:22.486Z | POST /login | userId=anonymous | role=N/A | status=undefined | ip=::1
-----------------------------------------------------------------------
2026-08-10T07:39:30.888Z | POST /login | userId=anonymous | role=N/A | status=undefined | ip=::1
-----------------------------------------------------------------------
2026-08-10T07:40:29.642Z | OPTIONS /login | userId=anonymous | role=N/A | status=undefined | ip=::1
-----------------------------------------------------------------------
2026-08-10T07:40:29.756Z | POST /login | userId=anonymous | role=N/A | status=undefined | ip=::1
-----------------------------------------------------------------------
2026-08-10T07:40:30.412Z | GET /health | userId=anonymous | role=N/A | status=undefined | ip=::1
-----------------------------------------------------------------------
2026-08-10T07:40:53.485Z | OPTIONS /login | userId=anonymous | role=N/A | status=undefined | ip=::1
-----------------------------------------------------------------------
2026-08-10T07:40:53.597Z | POST /login | userId=anonymous | role=N/A | status=undefined | ip=::1
-----------------------------------------------------------------------
2026-08-10T07:40:54.200Z | GET /health | userId=anonymous | role=N/A | status=undefined | ip=::1
-----------------------------------------------------------------------
2026-08-10T07:44:35.182Z | POST /login | userId=anonymous | role=N/A | status=undefined | ip=::1
-----------------------------------------------------------------------
2026-08-10T07:45:03.767Z | POST /login | userId=anonymous | role=N/A | status=undefined | ip=::1
-----------------------------------------------------------------------
2026-08-10T07:45:28.871Z | POST /login | userId=anonymous | role=N/A | status=undefined | ip=::1
-----------------------------------------------------------------------
2026-08-10T07:45:59.085Z | POST /login | userId=anonymous | role=N/A | status=undefined | ip=::1
-----------------------------------------------------------------------
2026-08-10T07:47:07.977Z | OPTIONS /login | userId=anonymous | role=N/A | status=undefined | ip=::1
-----------------------------------------------------------------------
2026-08-10T07:47:08.104Z | POST /login | userId=anonymous | role=N/A | status=undefined | ip=::1
-----------------------------------------------------------------------
2026-08-10T07:47:08.828Z | GET /health | userId=anonymous | role=N/A | status=undefined | ip=::1
-----------------------------------------------------------------------
2026-08-10T07:47:38.352Z | OPTIONS /login | userId=anonymous | role=N/A | status=undefined | ip=::1
-----------------------------------------------------------------------
2026-08-10T07:47:38.499Z | POST /login | userId=anonymous | role=N/A | status=undefined | ip=::1
-----------------------------------------------------------------------
2026-08-10T07:47:39.191Z | GET /health | userId=anonymous | role=N/A | status=undefined | ip=::1
-----------------------------------------------------------------------
2026-08-10T07:47:48.024Z | OPTIONS /login | userId=anonymous | role=N/A | status=undefined | ip=::1
-----------------------------------------------------------------------
2026-08-10T07:47:48.137Z | POST /login | userId=anonymous | role=N/A | status=undefined | ip=::1
-----------------------------------------------------------------------
2026-08-10T07:47:48.769Z | GET /health | userId=anonymous | role=N/A | status=undefined | ip=::1
-----------------------------------------------------------------------
2026-08-10T07:48:16.020Z | OPTIONS /login | userId=anonymous | role=N/A | status=undefined | ip=::1
-----------------------------------------------------------------------
2026-08-10T07:48:16.124Z | POST /login | userId=anonymous | role=N/A | status=undefined | ip=::1
-----------------------------------------------------------------------
2026-08-10T07:48:16.890Z | GET /health | userId=anonymous | role=N/A | status=undefined | ip=::1
-----------------------------------------------------------------------
2026-08-10T07:48:36.039Z | OPTIONS /login | userId=anonymous | role=N/A | status=undefined | ip=::1
-----------------------------------------------------------------------
2026-08-10T07:48:36.152Z | POST /login | userId=anonymous | role=N/A | status=undefined | ip=::1
-----------------------------------------------------------------------
2026-08-10T07:48:36.845Z | GET /health | userId=anonymous | role=N/A | status=undefined | ip=::1
-----------------------------------------------------------------------
2026-08-11T04:58:01.715Z | POST /login | userId=anonymous | role=N/A | status=undefined | ip=::1
-----------------------------------------------------------------------
2026-08-11T04:58:29.622Z | POST /login | userId=anonymous | role=N/A | status=undefined | ip=::1
-----------------------------------------------------------------------
2026-08-11T05:05:27.560Z | POST /login | userId=anonymous | role=N/A | status=undefined | ip=::1
-----------------------------------------------------------------------
2026-08-11T05:19:00.566Z | POST /login | userId=anonymous | role=N/A | status=undefined | ip=::1
-----------------------------------------------------------------------
2026-08-11T05:19:10.027Z | POST /login | userId=anonymous | role=N/A | status=undefined | ip=::1
-----------------------------------------------------------------------
2026-08-11T05:19:27.260Z | POST /login | userId=anonymous | role=N/A | status=undefined | ip=::1
-----------------------------------------------------------------------
2026-08-11T05:19:53.702Z | POST /login | userId=anonymous | role=N/A | status=undefined | ip=::1
-----------------------------------------------------------------------
2026-08-11T05:20:15.752Z | POST /login | userId=anonymous | role=N/A | status=undefined | ip=::1
-----------------------------------------------------------------------
2026-08-11T05:20:34.636Z | POST /login | userId=anonymous | role=N/A | status=undefined | ip=::1
-----------------------------------------------------------------------
2026-08-11T05:20:59.709Z | POST /login | userId=anonymous | role=N/A | status=undefined | ip=::1
-----------------------------------------------------------------------
2026-08-11T05:21:42.673Z | POST /login | userId=anonymous | role=N/A | status=undefined | ip=::1
-----------------------------------------------------------------------
2026-08-11T05:22:10.710Z | POST /login | userId=anonymous | role=N/A | status=undefined | ip=::1
-----------------------------------------------------------------------
2026-08-11T05:22:24.788Z | POST /login | userId=anonymous | role=N/A | status=undefined | ip=::1
-----------------------------------------------------------------------
2026-08-11T05:22:48.902Z | POST /login | userId=anonymous | role=N/A | status=undefined | ip=::1
-----------------------------------------------------------------------
2026-08-11T05:24:56.457Z | GET /health | userId=anonymous | role=N/A | status=undefined | ip=::1
-----------------------------------------------------------------------
2026-08-11T05:24:57.008Z | POST /login | userId=anonymous | role=N/A | status=undefined | ip=::1
-----------------------------------------------------------------------
2026-08-11T05:38:12.960Z | OPTIONS /login | userId=anonymous | role=N/A | status=undefined | ip=::1
-----------------------------------------------------------------------
2026-08-11T05:38:13.075Z | POST /login | userId=anonymous | role=N/A | status=undefined | ip=::1
-----------------------------------------------------------------------
2026-08-11T05:38:13.875Z | GET /health | userId=anonymous | role=N/A | status=undefined | ip=::1
-----------------------------------------------------------------------
2026-08-11T05:44:41.213Z | OPTIONS /login | userId=anonymous | role=N/A | status=undefined | ip=::1
-----------------------------------------------------------------------
2026-08-11T05:44:41.322Z | POST /login | userId=anonymous | role=N/A | status=undefined | ip=::1
-----------------------------------------------------------------------
2026-08-11T05:44:41.966Z | GET /health | userId=anonymous | role=N/A | status=undefined | ip=::1
-----------------------------------------------------------------------
2026-08-11T05:46:20.644Z | OPTIONS /login | userId=anonymous | role=N/A | status=undefined | ip=::1
-----------------------------------------------------------------------
2026-08-11T05:46:20.751Z | POST /login | userId=anonymous | role=N/A | status=undefined | ip=::1
-----------------------------------------------------------------------
2026-08-11T05:46:21.352Z | GET /health | userId=anonymous | role=N/A | status=undefined | ip=::1
-----------------------------------------------------------------------
2026-08-11T05:46:24.093Z | GET /health | userId=anonymous | role=N/A | status=undefined | ip=::1
-----------------------------------------------------------------------
2026-08-11T05:47:28.111Z | OPTIONS /login | userId=anonymous | role=N/A | status=undefined | ip=::1
-----------------------------------------------------------------------
2026-08-11T05:47:28.217Z | POST /login | userId=anonymous | role=N/A | status=undefined | ip=::1
-----------------------------------------------------------------------
2026-08-11T05:47:28.869Z | GET /health | userId=anonymous | role=N/A | status=undefined | ip=::1
-----------------------------------------------------------------------
2026-08-11T05:47:51.005Z | OPTIONS /login | userId=anonymous | role=N/A | status=undefined | ip=::1
-----------------------------------------------------------------------
2026-08-11T05:47:51.111Z | POST /login | userId=anonymous | role=N/A | status=undefined | ip=::1
-----------------------------------------------------------------------
2026-08-11T05:47:51.835Z | GET /health | userId=anonymous | role=N/A | status=undefined | ip=::1
-----------------------------------------------------------------------
2026-08-11T05:47:59.599Z | GET /health | userId=anonymous | role=N/A | status=undefined | ip=::1
-----------------------------------------------------------------------
2026-08-11T05:48:05.959Z | GET /health | userId=anonymous | role=N/A | status=undefined | ip=::1
-----------------------------------------------------------------------
2026-08-11T05:49:37.219Z | OPTIONS /login | userId=anonymous | role=N/A | status=undefined | ip=::1
-----------------------------------------------------------------------
2026-08-11T05:49:37.324Z | POST /login | userId=anonymous | role=N/A | status=undefined | ip=::1
-----------------------------------------------------------------------
2026-08-11T05:49:37.967Z | GET /health | userId=anonymous | role=N/A | status=undefined | ip=::1
-----------------------------------------------------------------------
2026-08-11T05:50:00.655Z | GET /health | userId=anonymous | role=N/A | status=undefined | ip=::1
-----------------------------------------------------------------------
2026-08-11T05:50:09.550Z | GET /health | userId=anonymous | role=N/A | status=undefined | ip=::1
-----------------------------------------------------------------------
2026-08-11T05:50:10.876Z | GET /health | userId=anonymous | role=N/A | status=undefined | ip=::1
-----------------------------------------------------------------------
2026-08-11T05:50:12.286Z | GET /health | userId=anonymous | role=N/A | status=undefined | ip=::1
-----------------------------------------------------------------------
2026-08-11T05:50:12.934Z | GET /health | userId=anonymous | role=N/A | status=undefined | ip=::1
-----------------------------------------------------------------------
2026-08-11T08:43:14.613Z | POST /login | userId=anonymous | role=N/A | status=undefined | ip=::1
-----------------------------------------------------------------------
2026-08-11T08:43:39.186Z | POST /login | userId=anonymous | role=N/A | status=undefined | ip=::1
-----------------------------------------------------------------------
2026-08-11T08:53:46.171Z | OPTIONS /login | userId=anonymous | role=N/A | status=undefined | ip=::1
-----------------------------------------------------------------------
2026-08-11T08:53:46.415Z | POST /login | userId=anonymous | role=N/A | status=undefined | ip=::1
-----------------------------------------------------------------------
2026-08-11T08:53:47.204Z | GET /health | userId=anonymous | role=N/A | status=undefined | ip=::1
-----------------------------------------------------------------------
2026-08-11T08:54:19.702Z | GET /health | userId=anonymous | role=N/A | status=undefined | ip=::1
-----------------------------------------------------------------------
2026-08-11T08:54:47.726Z | OPTIONS /login | userId=anonymous | role=N/A | status=undefined | ip=::1
-----------------------------------------------------------------------
2026-08-11T08:54:47.960Z | POST /login | userId=anonymous | role=N/A | status=undefined | ip=::1
-----------------------------------------------------------------------
2026-08-11T08:54:48.854Z | GET /health | userId=anonymous | role=N/A | status=undefined | ip=::1
-----------------------------------------------------------------------
2026-08-11T08:56:50.616Z | GET /health | userId=anonymous | role=N/A | status=undefined | ip=::1
-----------------------------------------------------------------------
2026-08-16T15:04:46.369Z | GET /health | userId=anonymous | role=N/A | status=undefined | ip=::1
-----------------------------------------------------------------------
2026-08-16T15:05:51.009Z | POST /login | userId=anonymous | role=N/A | status=undefined | ip=::1
-----------------------------------------------------------------------
2026-08-16T15:05:58.290Z | POST /login | userId=anonymous | role=N/A | status=undefined | ip=::1
-----------------------------------------------------------------------
2026-08-16T15:06:12.574Z | POST /login | userId=anonymous | role=N/A | status=undefined | ip=::1
-----------------------------------------------------------------------
2026-08-16T16:17:20.832Z | POST /login | userId=anonymous | role=N/A | status=undefined | ip=::1
-----------------------------------------------------------------------
2026-08-17T07:28:15.454Z | GET /health | userId=anonymous | role=N/A | status=undefined | ip=::1
-----------------------------------------------------------------------
2026-08-17T07:28:38.287Z | POST /login | userId=anonymous | role=N/A | status=undefined | ip=::1
-----------------------------------------------------------------------
2026-08-17T07:28:38.464Z | POST /login | userId=anonymous | role=N/A | status=undefined | ip=::1
-----------------------------------------------------------------------
2026-08-17T07:28:38.638Z | POST /login | userId=anonymous | role=N/A | status=undefined | ip=::1
-----------------------------------------------------------------------
2026-08-17T07:28:38.785Z | POST /login | userId=anonymous | role=N/A | status=undefined | ip=::1
-----------------------------------------------------------------------
2026-08-17T07:29:59.833Z | POST /login | userId=anonymous | role=N/A | status=undefined | ip=::1
-----------------------------------------------------------------------
2026-08-17T07:31:05.080Z | POST /login | userId=anonymous | role=N/A | status=undefined | ip=::1
-----------------------------------------------------------------------
2026-08-17T07:31:32.770Z | POST /login | userId=anonymous | role=N/A | status=undefined | ip=::1
-----------------------------------------------------------------------
2026-08-17T07:32:41.538Z | POST /login | userId=anonymous | role=N/A | status=undefined | ip=::1
-----------------------------------------------------------------------
2026-08-17T07:33:48.862Z | POST /login | userId=anonymous | role=N/A | status=undefined | ip=::1
-----------------------------------------------------------------------
2026-08-17T07:33:49.810Z | GET /health | userId=anonymous | role=N/A | status=undefined | ip=::1
-----------------------------------------------------------------------
2026-08-17T07:34:40.563Z | GET /health | userId=anonymous | role=N/A | status=undefined | ip=::1
-----------------------------------------------------------------------
2026-08-17T07:37:10.407Z | POST /login | userId=anonymous | role=N/A | status=undefined | ip=::1
-----------------------------------------------------------------------
2026-08-17T07:37:11.267Z | GET /health | userId=anonymous | role=N/A | status=undefined | ip=::1
-----------------------------------------------------------------------
2026-08-17T07:37:47.148Z | POST /login | userId=anonymous | role=N/A | status=undefined | ip=::1
-----------------------------------------------------------------------
2026-08-17T07:38:32.845Z | POST /login | userId=anonymous | role=N/A | status=undefined | ip=::1
-----------------------------------------------------------------------
2026-08-17T07:38:40.707Z | POST /login | userId=anonymous | role=N/A | status=undefined | ip=::1
-----------------------------------------------------------------------
2026-08-17T07:38:42.665Z | POST /login | userId=anonymous | role=N/A | status=undefined | ip=::1
-----------------------------------------------------------------------
2026-08-17T07:38:45.465Z | POST /login | userId=anonymous | role=N/A | status=undefined | ip=::1
-----------------------------------------------------------------------
2026-08-17T07:39:02.699Z | POST /login | userId=anonymous | role=N/A | status=undefined | ip=::1
-----------------------------------------------------------------------
2026-08-17T07:42:15.134Z | GET /health | userId=anonymous | role=N/A | status=undefined | ip=::1
-----------------------------------------------------------------------
2026-08-17T07:42:16.173Z | POST /login | userId=anonymous | role=N/A | status=undefined | ip=::1
-----------------------------------------------------------------------
2026-08-17T07:42:16.389Z | POST /login | userId=anonymous | role=N/A | status=undefined | ip=::1
-----------------------------------------------------------------------
2026-08-17T07:42:16.583Z | POST /login | userId=anonymous | role=N/A | status=undefined | ip=::1
-----------------------------------------------------------------------
2026-08-17T07:42:54.458Z | POST /login | userId=anonymous | role=N/A | status=undefined | ip=::1
-----------------------------------------------------------------------
2026-08-17T07:42:55.321Z | GET /health | userId=anonymous | role=N/A | status=undefined | ip=::1
-----------------------------------------------------------------------
2026-08-17T07:43:24.985Z | GET /health | userId=anonymous | role=N/A | status=undefined | ip=::1
-----------------------------------------------------------------------
